1786093087.9316494 [INFO] [launch]: All log files can be found below /tmp/room315_P01_v_syjzsa/ros_logs_floor/2026-08-07-10-58-07-930916-tiago-Precision-7560-1931945
1786093087.9317415 [INFO] [launch]: Default logging verbosity is set to INFO
1786093088.0013397 [INFO] [launch.user]: Acquired exclusive Room 315 simulation runtime lock.
1786093088.0015476 [INFO] [launch.user]: Cleared VLA obstacle pose cache: /home/tiago/.ros/room315_vla_obstacles.json
1786093088.0076451 [INFO] [launch.user]: Room 315 VLA obstacle markers: disabled
1786093088.3654015 [INFO] [gazebo-1]: process started with pid [1931962]
1786093088.3655584 [INFO] [conveyor_loop_mode_controller.py-2]: process started with pid [1931963]
1786093091.3690963 [INFO] [parameter_bridge-3]: process started with pid [1932180]
1786093091.3691871 [INFO] [parameter_bridge-4]: process started with pid [1932181]
1786093092.3749607 [INFO] [room_315_kinematic_shuttle_node.py-5]: process started with pid [1932235]
1786093092.3750527 [INFO] [room_315_kinematic_shuttle_node.py-6]: process started with pid [1932236]
1786093093.3733995 [INFO] [parameter_bridge-7]: process started with pid [1932263]
1786093093.3735321 [INFO] [room_315_vla_supervisor.py-8]: process started with pid [1932264]
1786093179.2879491 [WARNING] [launch]: user interrupted with ctrl-c (SIGINT)
1786093179.3447733 [ERROR] [conveyor_loop_mode_controller.py-2]: process has died [pid 1931963, exit code -2, cmd '/home/tiago/mfja_3rd_floor_ros2_ws/install/mfja_robot_control_config/lib/mfja_robot_control_config/conveyor_loop_mode_controller.py --world room_315_only --world-file /tmp/room_315_only_without_room315_vla_obstacles_1931945.world --partition room_315_only_1931945 --initial-loop-mode auto --no-pause-during-switch-update --neutral-visual-colors --ros-args -r __node:=conveyor_loop_mode_controller --params-file /tmp/launch_params_79xdr_k4'].
1786093179.3958080 [INFO] [parameter_bridge-3]: process has finished cleanly [pid 1932180]
1786093179.3994007 [INFO] [parameter_bridge-4]: process has finished cleanly [pid 1932181]
1786093179.4001040 [INFO] [parameter_bridge-7]: process has finished cleanly [pid 1932263]
1786093179.4388378 [INFO] [room_315_kinematic_shuttle_node.py-5]: process has finished cleanly [pid 1932235]
1786093179.4515729 [INFO] [room_315_vla_supervisor.py-8]: process has finished cleanly [pid 1932264]
1786093179.4539206 [INFO] [room_315_kinematic_shuttle_node.py-6]: process has finished cleanly [pid 1932236]
1786093179.5086076 [ERROR] [gazebo-1]: process has died [pid 1931962, exit code -2, cmd 'ruby /opt/ros/jazzy/opt/gz_tools_vendor/bin/gz sim -r -s /tmp/room_315_only_without_room315_vla_obstacles_1931945.world --force-version 8'].
1786093179.5088379 [INFO] [launch]: process[gazebo-1] was required: shutting down launched system
