[INFO] [1786093189.574627937] [room_315.rails.left.room_315_kinematic_shuttle]: Room 315 kinematic shuttle started with rail_side=left, network=/home/tiago/mfja_3rd_floor_ros2_ws/install/mfja_robot_control_config/share/mfja_robot_control_config/config/room_315_kinematics/rail_network_left.yaml, path_backend=cubic_hermite, devices=/home/tiago/mfja_3rd_floor_ros2_ws/src/mfja_3rd_floor_gz/mfja_robot_control_config/config/room_315_kinematics/rail_devices_left.yaml, pose_topic=/room_315/rails/left/shuttles/pose_cmd, gazebo_world=room_315_only, add_shuttle_service=/room_315/rails/left/shuttles/add, shuttle_control_topic=/room_315/rails/left/shuttles/command, shuttle_state_topic=/room_315/rails/left/shuttles/state, payload_state_topic=/room_315/rails/left/shuttles/payload_state, payload_command_topic=/room_315/rails/left/shuttles/payload_command, switch_command_topic=/room_315/rails/left/switches/command, switch_state_topic=/room_315/rails/left/switches/state, stopper_command_topic=/room_315/rails/left/stoppers/command, stopper_state_topic=/room_315/rails/left/stoppers/state, sensor_feedback_topic=/room_315/rails/left/sensors/feedback, offset_topic=/room_315/rails/left/shuttles/pose_offset_command, visual_switch_topic=/mfja/conveyor/switch_cmd, visual_switch_state_topic=/mfja/conveyor/switch_states, switch_motion_delay_s=0.300, stopper_motion_delay_s=0.100, sensor_publish_rate_hz=30.000, sync_sensor_feedback_to_motion_tick=True, entity_prefix=room315_left_shuttle_, spawn_service=/world/room_315_only/create, delete_service=/world/room_315_only/remove, payload_visuals=True, loaded_shuttles=['l1'], device_markers=0, shuttles=room315_left_shuttle_1:slot1:A12E@0.954:snap=0.000m, room315_left_shuttle_2:slot2:A12E@1.502:snap=0.000m
[WARN] [1786093192.087587561] [room_315.rails.left.room_315_kinematic_shuttle]: Gazebo set_pose service is not ready yet; still publishing pose topic.
[WARN] [1786093192.087949599] [room_315.rails.left.room_315_kinematic_shuttle]: Gazebo spawn service is not ready yet. Loaded shuttle room315_left_shuttle_1 will publish payload state, but the payload box is not visible yet.
[WARN] [1786093192.088447233] [room_315.rails.left.room_315_kinematic_shuttle]: Gazebo set_pose service is not ready yet; still publishing pose topic.
[INFO] [1786093192.418172620] [room_315.rails.left.room_315_kinematic_shuttle]: Requested Gazebo payload spawn for room315_left_shuttle_1
[INFO] [1786093192.570577428] [room_315.rails.left.room_315_kinematic_shuttle]: Gazebo spawned room315_left_shuttle_1_payload
[INFO] [1786093224.980049345] [room_315.rails.left.room_315_kinematic_shuttle]: Scheduled switch state updates from typed command after 0.300s: {'A3': 'I', 'A4': 'I'}
[INFO] [1786093225.285906633] [room_315.rails.left.room_315_kinematic_shuttle]: Published visual switch command from actual state (motion delay): A3L=INTERIOR, A4L=INTERIOR
[INFO] [1786093225.286309619] [room_315.rails.left.room_315_kinematic_shuttle]: Applied actual switch states after motion delay: {'A1': 'E', 'A2': 'E', 'A3': 'I', 'A4': 'I'}
[INFO] [1786093226.390614488] [room_315.rails.left.room_315_kinematic_shuttle]: Scheduled stopper state updates from typed command after 0.100s: {'A4': '1'}
[INFO] [1786093226.519629023] [room_315.rails.left.room_315_kinematic_shuttle]: Applied actual stopper states after motion delay: {'A1': '0', 'A2': '0', 'A3': '0', 'A4': '1'}
[INFO] [1786093227.635221192] [room_315.rails.left.room_315_kinematic_shuttle]: Applied shuttle commands: {'room315_left_shuttle_2': 'ENABLE@0.200m/s'}; shuttles=room315_left_shuttle_1:slot1:A12E@0.954:snap=0.000m, room315_left_shuttle_2:slot2:A12E@1.502:snap=0.000m
[INFO] [1786093245.397524587] [room_315.rails.left.room_315_kinematic_shuttle]: Applied shuttle commands: {'room315_left_shuttle_2': 'DISABLE'}; shuttles=room315_left_shuttle_1:slot1:A12E@0.954:snap=0.000m, room315_left_shuttle_2:slot2:A34I@1.054:snap=0.000m
[INFO] [1786093245.749785530] [room_315.rails.left.room_315_kinematic_shuttle]: Scheduled switch state updates from typed command after 0.300s: {'A3': 'E', 'A4': 'E'}
[INFO] [1786093246.057310497] [room_315.rails.left.room_315_kinematic_shuttle]: Published visual switch command from actual state (motion delay): A3L=EXTERIOR, A4L=EXTERIOR
[INFO] [1786093246.057814857] [room_315.rails.left.room_315_kinematic_shuttle]: Applied actual switch states after motion delay: {'A1': 'E', 'A2': 'E', 'A3': 'E', 'A4': 'E'}
[INFO] [1786093246.886776177] [room_315.rails.left.room_315_kinematic_shuttle]: Scheduled stopper state updates from typed command after 0.100s: {'A4': '0'}
[INFO] [1786093247.013560884] [room_315.rails.left.room_315_kinematic_shuttle]: Applied actual stopper states after motion delay: {'A1': '0', 'A2': '0', 'A3': '0', 'A4': '0'}
[INFO] [1786093248.157345888] [room_315.rails.left.room_315_kinematic_shuttle]: Applied shuttle commands: {'room315_left_shuttle_1': 'ENABLE@0.200m/s->slot3'}; shuttles=room315_left_shuttle_1:slot1:A12E@0.954:snap=0.000m, room315_left_shuttle_2:slot2:A34I@1.054:snap=0.000m
[INFO] [1786093267.999015371] [room_315.rails.left.room_315_kinematic_shuttle]: Applied shuttle commands: {'room315_left_shuttle_1': 'DISABLE'}; shuttles=room315_left_shuttle_1:slot1:A34E@0.953:snap=0.000m, room315_left_shuttle_2:slot2:A34I@1.054:snap=0.000m
[INFO] [1786093277.906884487] [room_315.rails.left.room_315_kinematic_shuttle]: Applied shuttle commands: {'room315_left_shuttle_1': 'DISABLE', 'room315_left_shuttle_2': 'DISABLE'}; shuttles=room315_left_shuttle_1:slot1:A34E@0.953:snap=0.000m, room315_left_shuttle_2:slot2:A34I@1.054:snap=0.000m
