[INFO] [launch]: All log files can be found below /tmp/room315_M01_9h48pg8m/ros_logs_execution/2026-08-07-11-01-43-530459-tiago-Precision-7560-1934223
[INFO] [launch]: Default logging verbosity is set to INFO
[INFO] [planner_node-1]: process started with pid [1934255]
[INFO] [room_315_task_execution_node.py-2]: process started with pid [1934256]
[room_315_task_execution_node.py-2] [INFO] [1786093304.522678956] [room_315_task_execution_node]: Task execution status=idle goal=none reason=task execution node initialized
[room_315_task_execution_node.py-2] [INFO] [1786093304.523262259] [room_315_task_execution_node]: Room 315 TaskGoal execution gateway initialized. Planning localization comes from validated visual state; final slot arrival requires deterministic sensor identity plus controller-stop confirmation.
[planner_node-1] [INFO] [1786093304.706577179] [planner]: [planner] Configuring...
[planner_node-1] [INFO] [1786093304.707163787] [planner]: Created solver : POPF of type plansys2/POPFPlanSolver
[planner_node-1] [INFO] [1786093304.707175962] [planner]: [planner] Solver Timeout 15
[planner_node-1] [INFO] [1786093304.708872957] [planner]: [planner] Configured
[planner_node-1] [INFO] [1786093304.710307536] [planner]: [planner] Activating...
[planner_node-1] [INFO] [1786093304.710322886] [planner]: [planner] Activated
[room_315_task_execution_node.py-2] [INFO] [1786093325.558167371] [room_315_task_execution_node]: Task execution status=accepted goal=room315-task-goal-64cef2e6b11d reason=validated TaskGoal accepted for closed-loop execution
[room_315_task_execution_node.py-2] [INFO] [1786093325.559205251] [room_315_task_execution_node]: Task execution status=running goal=room315-task-goal-64cef2e6b11d reason=observing and requesting PlanSys2 plan
[room_315_task_execution_node.py-2] [INFO] [1786093325.561928302] [room_315_task_execution_node]: Task execution status=running goal=room315-task-goal-64cef2e6b11d reason=TaskGoal validated and grounded when required from accepted visual state; requesting PlanSys2 plan
[planner_node-1] [INFO] [1786093325.766459339] [planner]: Writing planning results to /tmp.
[planner_node-1] [INFO] [1786093325.766664988] [planner]: [planner-popf] called with timeout 15.000000 seconds
[planner_node-1] [INFO] [1786093328.212186149] [planner]: Writing planning results to /tmp.
[planner_node-1] [INFO] [1786093328.212377638] [planner]: [planner-popf] called with timeout 15.000000 seconds
[planner_node-1] [INFO] [1786093341.910567188] [planner]: Writing planning results to /tmp.
[planner_node-1] [INFO] [1786093341.910757777] [planner]: [planner-popf] called with timeout 15.000000 seconds
[planner_node-1] [INFO] [1786093345.118180521] [planner]: Writing planning results to /tmp.
[planner_node-1] [INFO] [1786093345.118347003] [planner]: [planner-popf] called with timeout 15.000000 seconds
[room_315_task_execution_node.py-2] [INFO] [1786093360.760170260] [room_315_task_execution_node]: Task execution status=succeeded goal=room315-task-goal-64cef2e6b11d reason=task_goal_satisfied
[WARNING] [launch]: user interrupted with ctrl-c (SIGINT)
[planner_node-1] [INFO] [1786093373.310416423] [rclcpp]: signal_handler(signum=2)
[INFO] [planner_node-1]: process has finished cleanly [pid 1934255]
[INFO] [room_315_task_execution_node.py-2]: process has finished cleanly [pid 1934256]
[planner_node-1] Warning: class_loader.ClassLoader: SEVERE WARNING!!! Attempting to unload library while objects created by this loader exist in the heap! You should delete your objects before attempting to unload the library or destroying the ClassLoader. The library will NOT be unloaded.
[planner_node-1]          at line 127 in ./src/class_loader.cpp
[ERROR] [launch]: Caught exception in launch (see debug for traceback): Cannot shutdown a ROS adapter that is not running
