[INFO] [launch]: All log files can be found below /tmp/room315_M01_9h48pg8m/ros_logs_floor/2026-08-07-11-01-25-416490-tiago-Precision-7560-1933769
[INFO] [launch]: Default logging verbosity is set to INFO
[INFO] [launch.user]: Acquired exclusive Room 315 simulation runtime lock.
[INFO] [launch.user]: Cleared VLA obstacle pose cache: /home/tiago/.ros/room315_vla_obstacles.json
[INFO] [launch.user]: Room 315 VLA obstacle markers: disabled
[INFO] [gazebo-1]: process started with pid [1933786]
[INFO] [conveyor_loop_mode_controller.py-2]: process started with pid [1933787]
[conveyor_loop_mode_controller.py-2] [INFO] [1786093286.102927309] [conveyor_loop_mode_controller]: Loaded 8 managed switch poses from /tmp/room_315_only_without_room315_vla_obstacles_1933769.world.
[conveyor_loop_mode_controller.py-2] [INFO] [1786093286.103339142] [conveyor_loop_mode_controller]: Detected initial switch layout from world file: EXTERIOR
[conveyor_loop_mode_controller.py-2] [WARN] [1786093287.680952343] [conveyor_loop_mode_controller]: Switch color update round 1 failed for 8 switch(es); retrying the remaining requests.
[gazebo-1] libEGL warning: egl: failed to create dri2 screen
[INFO] [parameter_bridge-3]: process started with pid [1934004]
[INFO] [parameter_bridge-4]: process started with pid [1934005]
[parameter_bridge-4] [INFO] [1786093288.881209420] [room315_world_service_bridge]: Creating ROS->GZ service bridge [/world/room_315_only/set_pose (ros_gz_interfaces/srv/SetEntityPose -> /)]
[parameter_bridge-3] [INFO] [1786093288.881321875] [clock_bridge]: Creating GZ->ROS Bridge: [/clock (gz.msgs.Clock) -> /clock (rosgraph_msgs/msg/Clock)] (Lazy 0)
[parameter_bridge-4] [INFO] [1786093288.882290296] [room315_world_service_bridge]: Creating ROS->GZ service bridge [/world/room_315_only/create (ros_gz_interfaces/srv/SpawnEntity -> /)]
[parameter_bridge-4] [INFO] [1786093288.882549962] [room315_world_service_bridge]: Creating ROS->GZ service bridge [/world/room_315_only/remove (ros_gz_interfaces/srv/DeleteEntity -> /)]
[conveyor_loop_mode_controller.py-2] [INFO] [1786093289.199706061] [conveyor_loop_mode_controller]: Per-switch command topic: /mfja/conveyor/switch_cmd (examples: "A1R=INTERIOR", "A1=EXTERIOR", "RIGHT=INTERIOR, A3L=EXTERIOR").
[INFO] [room_315_kinematic_shuttle_node.py-5]: process started with pid [1934058]
[INFO] [room_315_kinematic_shuttle_node.py-6]: process started with pid [1934059]
[room_315_kinematic_shuttle_node.py-5] [INFO] [1786093290.262014131] [room_315.rails.right.room_315_kinematic_shuttle]: Room 315 kinematic shuttle started with rail_side=right, network=/home/tiago/mfja_3rd_floor_ros2_ws/install/mfja_robot_control_config/share/mfja_robot_control_config/config/room_315_kinematics/rail_network_right.yaml, path_backend=cubic_hermite, devices=/home/tiago/mfja_3rd_floor_ros2_ws/src/mfja_3rd_floor_gz/mfja_robot_control_config/config/room_315_kinematics/rail_devices_right.yaml, pose_topic=/room_315/rails/right/shuttles/pose_cmd, gazebo_world=room_315_only, add_shuttle_service=/room_315/rails/right/shuttles/add, shuttle_control_topic=/room_315/rails/right/shuttles/command, shuttle_state_topic=/room_315/rails/right/shuttles/state, payload_state_topic=/room_315/rails/right/shuttles/payload_state, payload_command_topic=/room_315/rails/right/shuttles/payload_command, switch_command_topic=/room_315/rails/right/switches/command, switch_state_topic=/room_315/rails/right/switches/state, stopper_command_topic=/room_315/rails/right/stoppers/command, stopper_state_topic=/room_315/rails/right/stoppers/state, sensor_feedback_topic=/room_315/rails/right/sensors/feedback, offset_topic=/room_315/rails/right/shuttles/pose_offset_command, visual_switch_topic=/mfja/conveyor/switch_cmd, visual_switch_state_topic=/mfja/conveyor/switch_states, switch_motion_delay_s=0.300, stopper_motion_delay_s=0.100, sensor_publish_rate_hz=30.000, sync_sensor_feedback_to_motion_tick=True, entity_prefix=room315_right_shuttle_, spawn_service=/world/room_315_only/create, delete_service=/world/room_315_only/remove, payload_visuals=True, loaded_shuttles=[], device_markers=0, shuttles=room315_right_shuttle_1:slot1:A12E@0.918:snap=0.000m, room315_right_shuttle_2:slot2:A12E@1.455:snap=0.000m
[room_315_kinematic_shuttle_node.py-6] [INFO] [1786093290.264708489] [room_315.rails.left.room_315_kinematic_shuttle]: Room 315 kinematic shuttle started with rail_side=left, network=/home/tiago/mfja_3rd_floor_ros2_ws/install/mfja_robot_control_config/share/mfja_robot_control_config/config/room_315_kinematics/rail_network_left.yaml, path_backend=cubic_hermite, devices=/home/tiago/mfja_3rd_floor_ros2_ws/src/mfja_3rd_floor_gz/mfja_robot_control_config/config/room_315_kinematics/rail_devices_left.yaml, pose_topic=/room_315/rails/left/shuttles/pose_cmd, gazebo_world=room_315_only, add_shuttle_service=/room_315/rails/left/shuttles/add, shuttle_control_topic=/room_315/rails/left/shuttles/command, shuttle_state_topic=/room_315/rails/left/shuttles/state, payload_state_topic=/room_315/rails/left/shuttles/payload_state, payload_command_topic=/room_315/rails/left/shuttles/payload_command, switch_command_topic=/room_315/rails/left/switches/command, switch_state_topic=/room_315/rails/left/switches/state, stopper_command_topic=/room_315/rails/left/stoppers/command, stopper_state_topic=/room_315/rails/left/stoppers/state, sensor_feedback_topic=/room_315/rails/left/sensors/feedback, offset_topic=/room_315/rails/left/shuttles/pose_offset_command, visual_switch_topic=/mfja/conveyor/switch_cmd, visual_switch_state_topic=/mfja/conveyor/switch_states, switch_motion_delay_s=0.300, stopper_motion_delay_s=0.100, sensor_publish_rate_hz=30.000, sync_sensor_feedback_to_motion_tick=True, entity_prefix=room315_left_shuttle_, spawn_service=/world/room_315_only/create, delete_service=/world/room_315_only/remove, payload_visuals=True, loaded_shuttles=[], device_markers=0, shuttles=none
[room_315_kinematic_shuttle_node.py-5] [WARN] [1786093290.275525371] [room_315.rails.right.room_315_kinematic_shuttle]: Gazebo set_pose service is not ready yet; still publishing pose topic.
[room_315_kinematic_shuttle_node.py-5] [WARN] [1786093290.275949249] [room_315.rails.right.room_315_kinematic_shuttle]: Gazebo set_pose service is not ready yet; still publishing pose topic.
[INFO] [parameter_bridge-7]: process started with pid [1934086]
[INFO] [room_315_vla_supervisor.py-8]: process started with pid [1934087]
[parameter_bridge-7] [INFO] [1786093290.901386698] [room315_vla_camera_bridge]: Creating GZ->ROS Bridge: [/room_315/vla/right_rail_rgbd/image (gz.msgs.Image) -> /room_315/vla/right_rail_rgbd/image (sensor_msgs/msg/Image)] (Lazy 0)
[parameter_bridge-7] [INFO] [1786093290.903116221] [room315_vla_camera_bridge]: Creating ROS->GZ Bridge: [/room_315/vla/right_rail_rgbd/image (sensor_msgs/msg/Image) -> /room_315/vla/right_rail_rgbd/image (gz.msgs.Image)] (Lazy 0)
[parameter_bridge-7] [INFO] [1786093290.903632670] [room315_vla_camera_bridge]: Creating GZ->ROS Bridge: [/room_315/vla/right_rail_rgbd/camera_info (gz.msgs.CameraInfo) -> /room_315/vla/right_rail_rgbd/camera_info (sensor_msgs/msg/CameraInfo)] (Lazy 0)
[parameter_bridge-7] [INFO] [1786093290.903995320] [room315_vla_camera_bridge]: Creating ROS->GZ Bridge: [/room_315/vla/right_rail_rgbd/camera_info (sensor_msgs/msg/CameraInfo) -> /room_315/vla/right_rail_rgbd/camera_info (gz.msgs.CameraInfo)] (Lazy 0)
[parameter_bridge-7] [INFO] [1786093290.904333742] [room315_vla_camera_bridge]: Creating GZ->ROS Bridge: [/room_315/vla/right_rail_rgbd/depth_image (gz.msgs.Image) -> /room_315/vla/right_rail_rgbd/depth_image (sensor_msgs/msg/Image)] (Lazy 0)
[parameter_bridge-7] [INFO] [1786093290.904610954] [room315_vla_camera_bridge]: Creating ROS->GZ Bridge: [/room_315/vla/right_rail_rgbd/depth_image (sensor_msgs/msg/Image) -> /room_315/vla/right_rail_rgbd/depth_image (gz.msgs.Image)] (Lazy 0)
[parameter_bridge-7] [INFO] [1786093290.904892628] [room315_vla_camera_bridge]: Creating GZ->ROS Bridge: [/room_315/vla/right_rail_rgbd/points (gz.msgs.PointCloudPacked) -> /room_315/vla/right_rail_rgbd/points (sensor_msgs/msg/PointCloud2)] (Lazy 0)
[parameter_bridge-7] [INFO] [1786093290.905229887] [room315_vla_camera_bridge]: Creating ROS->GZ Bridge: [/room_315/vla/right_rail_rgbd/points (sensor_msgs/msg/PointCloud2) -> /room_315/vla/right_rail_rgbd/points (gz.msgs.PointCloudPacked)] (Lazy 0)
[parameter_bridge-7] [INFO] [1786093290.905556479] [room315_vla_camera_bridge]: Creating GZ->ROS Bridge: [/room_315/vla/left_rail_rgbd/image (gz.msgs.Image) -> /room_315/vla/left_rail_rgbd/image (sensor_msgs/msg/Image)] (Lazy 0)
[parameter_bridge-7] [INFO] [1786093290.905775522] [room315_vla_camera_bridge]: Creating ROS->GZ Bridge: [/room_315/vla/left_rail_rgbd/image (sensor_msgs/msg/Image) -> /room_315/vla/left_rail_rgbd/image (gz.msgs.Image)] (Lazy 0)
[parameter_bridge-7] [INFO] [1786093290.906031061] [room315_vla_camera_bridge]: Creating GZ->ROS Bridge: [/room_315/vla/left_rail_rgbd/camera_info (gz.msgs.CameraInfo) -> /room_315/vla/left_rail_rgbd/camera_info (sensor_msgs/msg/CameraInfo)] (Lazy 0)
[parameter_bridge-7] [INFO] [1786093290.906226751] [room315_vla_camera_bridge]: Creating ROS->GZ Bridge: [/room_315/vla/left_rail_rgbd/camera_info (sensor_msgs/msg/CameraInfo) -> /room_315/vla/left_rail_rgbd/camera_info (gz.msgs.CameraInfo)] (Lazy 0)
[parameter_bridge-7] [INFO] [1786093290.906508731] [room315_vla_camera_bridge]: Creating GZ->ROS Bridge: [/room_315/vla/left_rail_rgbd/depth_image (gz.msgs.Image) -> /room_315/vla/left_rail_rgbd/depth_image (sensor_msgs/msg/Image)] (Lazy 0)
[parameter_bridge-7] [INFO] [1786093290.906704697] [room315_vla_camera_bridge]: Creating ROS->GZ Bridge: [/room_315/vla/left_rail_rgbd/depth_image (sensor_msgs/msg/Image) -> /room_315/vla/left_rail_rgbd/depth_image (gz.msgs.Image)] (Lazy 0)
[parameter_bridge-7] [INFO] [1786093290.906965155] [room315_vla_camera_bridge]: Creating GZ->ROS Bridge: [/room_315/vla/left_rail_rgbd/points (gz.msgs.PointCloudPacked) -> /room_315/vla/left_rail_rgbd/points (sensor_msgs/msg/PointCloud2)] (Lazy 0)
[parameter_bridge-7] [INFO] [1786093290.907159698] [room315_vla_camera_bridge]: Creating ROS->GZ Bridge: [/room_315/vla/left_rail_rgbd/points (sensor_msgs/msg/PointCloud2) -> /room_315/vla/left_rail_rgbd/points (gz.msgs.PointCloudPacked)] (Lazy 0)
[room_315_vla_supervisor.py-8] [INFO] [1786093291.403714008] [room_315_vla_supervisor]: Room 315 VLA supervisor ready. Command topic: /room_315/vla/command
[room_315_vla_supervisor.py-8] [INFO] [1786093326.018330659] [room_315_vla_supervisor]: switches commanded on right: {'A1': 'EXTERIOR', 'A2': 'EXTERIOR', 'A3': 'INTERIOR', 'A4': 'INTERIOR'}
[room_315_kinematic_shuttle_node.py-5] [INFO] [1786093326.018640183] [room_315.rails.right.room_315_kinematic_shuttle]: Scheduled switch state updates from typed command after 0.300s: {'A3': 'I', 'A4': 'I'}
[conveyor_loop_mode_controller.py-2] [INFO] [1786093326.317899782] [conveyor_loop_mode_controller]: Applying switch command from switch topic command "A3R=INTERIOR, A4R=INTERIOR": A3_droit_switch=INTERIOR, A4_droit_switch=INTERIOR
[room_315_kinematic_shuttle_node.py-5] [INFO] [1786093326.317934573] [room_315.rails.right.room_315_kinematic_shuttle]: Published visual switch command from actual state (motion delay): A3R=INTERIOR, A4R=INTERIOR
[room_315_kinematic_shuttle_node.py-5] [INFO] [1786093326.318423560] [room_315.rails.right.room_315_kinematic_shuttle]: Applied actual switch states after motion delay: {'A1': 'E', 'A2': 'E', 'A3': 'I', 'A4': 'I'}
[conveyor_loop_mode_controller.py-2] [INFO] [1786093327.082439425] [conveyor_loop_mode_controller]: Applied switch command successfully. Current global state: MIXED.
[room_315_kinematic_shuttle_node.py-5] [INFO] [1786093327.192377700] [room_315.rails.right.room_315_kinematic_shuttle]: Scheduled stopper state updates from typed command after 0.100s: {'A4': '1'}
[room_315_vla_supervisor.py-8] [INFO] [1786093327.192592465] [room_315_vla_supervisor]: stoppers commanded on right: {'A1': '0', 'A2': '0', 'A3': '0', 'A4': '1'}
[room_315_kinematic_shuttle_node.py-5] [INFO] [1786093327.318211744] [room_315.rails.right.room_315_kinematic_shuttle]: Applied actual stopper states after motion delay: {'A1': '0', 'A2': '0', 'A3': '0', 'A4': '1'}
[room_315_vla_supervisor.py-8] [INFO] [1786093328.435359496] [room_315_vla_supervisor]: shuttle command sent on right
[room_315_kinematic_shuttle_node.py-5] [INFO] [1786093328.435606468] [room_315.rails.right.room_315_kinematic_shuttle]: Applied shuttle commands: {'room315_right_shuttle_2': 'ENABLE@0.200m/s'}; shuttles=room315_right_shuttle_1:slot1:A12E@0.918:snap=0.000m, room315_right_shuttle_2:slot2:A12E@1.455:snap=0.000m
[room_315_vla_supervisor.py-8] [INFO] [1786093341.197018933] [room_315_vla_supervisor]: shuttle command sent on right
[room_315_kinematic_shuttle_node.py-5] [INFO] [1786093341.197226470] [room_315.rails.right.room_315_kinematic_shuttle]: Applied shuttle commands: {'room315_right_shuttle_2': 'DISABLE'}; shuttles=room315_right_shuttle_1:slot1:A12E@0.918:snap=0.000m, room315_right_shuttle_2:slot2:A34I@1.061:snap=0.000m
[room_315_vla_supervisor.py-8] [INFO] [1786093342.117525081] [room_315_vla_supervisor]: switches commanded on right: {'A1': 'EXTERIOR', 'A2': 'EXTERIOR', 'A3': 'EXTERIOR', 'A4': 'EXTERIOR'}
[room_315_kinematic_shuttle_node.py-5] [INFO] [1786093342.117740532] [room_315.rails.right.room_315_kinematic_shuttle]: Scheduled switch state updates from typed command after 0.300s: {'A3': 'E', 'A4': 'E'}
[room_315_kinematic_shuttle_node.py-5] [INFO] [1786093342.428023109] [room_315.rails.right.room_315_kinematic_shuttle]: Published visual switch command from actual state (motion delay): A3R=EXTERIOR, A4R=EXTERIOR
[room_315_kinematic_shuttle_node.py-5] [INFO] [1786093342.428308429] [room_315.rails.right.room_315_kinematic_shuttle]: Applied actual switch states after motion delay: {'A1': 'E', 'A2': 'E', 'A3': 'E', 'A4': 'E'}
[conveyor_loop_mode_controller.py-2] [INFO] [1786093342.428420324] [conveyor_loop_mode_controller]: Applying switch command from switch topic command "A3R=EXTERIOR, A4R=EXTERIOR": A3_droit_switch=EXTERIOR, A4_droit_switch=EXTERIOR
[conveyor_loop_mode_controller.py-2] [INFO] [1786093343.206939594] [conveyor_loop_mode_controller]: Applied switch command successfully. Current global state: EXTERIOR.
[room_315_vla_supervisor.py-8] [INFO] [1786093343.663367536] [room_315_vla_supervisor]: stoppers commanded on right: {'A1': '0', 'A2': '0', 'A3': '0', 'A4': '0'}
[room_315_kinematic_shuttle_node.py-5] [INFO] [1786093343.663855779] [room_315.rails.right.room_315_kinematic_shuttle]: Scheduled stopper state updates from typed command after 0.100s: {'A4': '0'}
[room_315_kinematic_shuttle_node.py-5] [INFO] [1786093343.789160808] [room_315.rails.right.room_315_kinematic_shuttle]: Applied actual stopper states after motion delay: {'A1': '0', 'A2': '0', 'A3': '0', 'A4': '0'}
[room_315_vla_supervisor.py-8] [INFO] [1786093345.330238914] [room_315_vla_supervisor]: shuttle command sent on right
[room_315_kinematic_shuttle_node.py-5] [INFO] [1786093345.330440866] [room_315.rails.right.room_315_kinematic_shuttle]: Applied shuttle commands: {'room315_right_shuttle_1': 'ENABLE@0.200m/s->slot3'}; shuttles=room315_right_shuttle_1:slot1:A12E@0.918:snap=0.000m, room315_right_shuttle_2:slot2:A34I@1.061:snap=0.000m
[room_315_vla_supervisor.py-8] [INFO] [1786093360.748608945] [room_315_vla_supervisor]: shuttle command sent on right
[room_315_kinematic_shuttle_node.py-5] [INFO] [1786093360.749151526] [room_315.rails.right.room_315_kinematic_shuttle]: Applied shuttle commands: {'room315_right_shuttle_1': 'DISABLE'}; shuttles=room315_right_shuttle_1:slot1:A34E@0.997:snap=0.000m, room315_right_shuttle_2:slot2:A34I@1.061:snap=0.000m
[room_315_vla_supervisor.py-8] [INFO] [1786093373.071595218] [room_315_vla_supervisor]: stop all command: all shuttles OFF
[room_315_kinematic_shuttle_node.py-5] [INFO] [1786093373.071837654] [room_315.rails.right.room_315_kinematic_shuttle]: Applied shuttle commands: {'room315_right_shuttle_1': 'DISABLE', 'room315_right_shuttle_2': 'DISABLE'}; shuttles=room315_right_shuttle_1:slot1:A34E@0.997:snap=0.000m, room315_right_shuttle_2:slot2:A34I@1.061:snap=0.000m
[WARNING] [launch]: user interrupted with ctrl-c (SIGINT)
[parameter_bridge-4] [INFO] [1786093374.689607329] [rclcpp]: signal_handler(signum=2)
[parameter_bridge-3] [INFO] [1786093374.689609031] [rclcpp]: signal_handler(signum=2)
[parameter_bridge-7] [INFO] [1786093374.689655649] [rclcpp]: signal_handler(signum=2)
[conveyor_loop_mode_controller.py-2] Traceback (most recent call last):
[conveyor_loop_mode_controller.py-2]   File "/home/tiago/mfja_3rd_floor_ros2_ws/install/mfja_robot_control_config/lib/mfja_robot_control_config/conveyor_loop_mode_controller.py", line 1330, in <module>
[conveyor_loop_mode_controller.py-2]     main()
[conveyor_loop_mode_controller.py-2]   File "/home/tiago/mfja_3rd_floor_ros2_ws/install/mfja_robot_control_config/lib/mfja_robot_control_config/conveyor_loop_mode_controller.py", line 1321, in main
[conveyor_loop_mode_controller.py-2]     rclpy.spin(node)
[conveyor_loop_mode_controller.py-2]   File "/opt/ros/jazzy/lib/python3.12/site-packages/rclpy/__init__.py", line 247, in spin
[conveyor_loop_mode_controller.py-2]     executor.spin_once()
[conveyor_loop_mode_controller.py-2]   File "/opt/ros/jazzy/lib/python3.12/site-packages/rclpy/executors.py", line 839, in spin_once
[conveyor_loop_mode_controller.py-2]     self._spin_once_impl(timeout_sec)
[conveyor_loop_mode_controller.py-2]   File "/opt/ros/jazzy/lib/python3.12/site-packages/rclpy/executors.py", line 823, in _spin_once_impl
[conveyor_loop_mode_controller.py-2]     handler, entity, node = self.wait_for_ready_callbacks(
[conveyor_loop_mode_controller.py-2]                             ^^^^^^^^^^^^^^^^^^^^^^^^^^^^^^
[conveyor_loop_mode_controller.py-2]   File "/opt/ros/jazzy/lib/python3.12/site-packages/rclpy/executors.py", line 793, in wait_for_ready_callbacks
[conveyor_loop_mode_controller.py-2]     return next(self._cb_iter)
[conveyor_loop_mode_controller.py-2]            ^^^^^^^^^^^^^^^^^^^
[conveyor_loop_mode_controller.py-2]   File "/opt/ros/jazzy/lib/python3.12/site-packages/rclpy/executors.py", line 697, in _wait_for_ready_callbacks
[conveyor_loop_mode_controller.py-2]     wait_set.wait(timeout_nsec)
[conveyor_loop_mode_controller.py-2] KeyboardInterrupt
[ERROR] [conveyor_loop_mode_controller.py-2]: process has died [pid 1933787, exit code -2, cmd '/home/tiago/mfja_3rd_floor_ros2_ws/install/mfja_robot_control_config/lib/mfja_robot_control_config/conveyor_loop_mode_controller.py --world room_315_only --world-file /tmp/room_315_only_without_room315_vla_obstacles_1933769.world --partition room_315_only_1933769 --initial-loop-mode auto --no-pause-during-switch-update --neutral-visual-colors --ros-args -r __node:=conveyor_loop_mode_controller --params-file /tmp/launch_params_p8v2xe5u'].
[INFO] [parameter_bridge-3]: process has finished cleanly [pid 1934004]
[INFO] [parameter_bridge-4]: process has finished cleanly [pid 1934005]
[INFO] [parameter_bridge-7]: process has finished cleanly [pid 1934086]
[INFO] [room_315_vla_supervisor.py-8]: process has finished cleanly [pid 1934087]
[INFO] [room_315_kinematic_shuttle_node.py-5]: process has finished cleanly [pid 1934058]
[INFO] [room_315_kinematic_shuttle_node.py-6]: process has finished cleanly [pid 1934059]
[ERROR] [gazebo-1]: process has died [pid 1933786, exit code -2, cmd 'ruby /opt/ros/jazzy/opt/gz_tools_vendor/bin/gz sim -r -s /tmp/room_315_only_without_room315_vla_obstacles_1933769.world --force-version 8'].
[INFO] [launch]: process[gazebo-1] was required: shutting down launched system
