[INFO] [launch]: All log files can be found below /tmp/room315_B01_bovfmwix/ros_logs_execution/2026-08-07-10-49-31-486561-tiago-Precision-7560-1923418
[INFO] [launch]: Default logging verbosity is set to INFO
[INFO] [planner_node-1]: process started with pid [1923437]
[INFO] [room_315_task_execution_node.py-2]: process started with pid [1923438]
[room_315_task_execution_node.py-2] [INFO] [1786092572.154208539] [room_315_task_execution_node]: Task execution status=idle goal=none reason=task execution node initialized
[room_315_task_execution_node.py-2] [INFO] [1786092572.154832490] [room_315_task_execution_node]: Room 315 TaskGoal execution gateway initialized. Planning localization comes from validated visual state; final slot arrival requires deterministic sensor identity plus controller-stop confirmation.
[planner_node-1] [INFO] [1786092572.974497106] [planner]: [planner] Configuring...
[planner_node-1] [INFO] [1786092572.975224648] [planner]: Created solver : POPF of type plansys2/POPFPlanSolver
[planner_node-1] [INFO] [1786092572.975250583] [planner]: [planner] Solver Timeout 15
[planner_node-1] [INFO] [1786092572.977106522] [planner]: [planner] Configured
[planner_node-1] [INFO] [1786092572.978508645] [planner]: [planner] Activating...
[planner_node-1] [INFO] [1786092572.978534687] [planner]: [planner] Activated
[room_315_task_execution_node.py-2] [INFO] [1786092594.029947583] [room_315_task_execution_node]: Task execution status=accepted goal=room315-task-goal-088f52995b2c reason=validated TaskGoal accepted for closed-loop execution
[room_315_task_execution_node.py-2] [INFO] [1786092594.031268412] [room_315_task_execution_node]: Task execution status=running goal=room315-task-goal-088f52995b2c reason=observing and requesting PlanSys2 plan
[room_315_task_execution_node.py-2] [INFO] [1786092594.034091297] [room_315_task_execution_node]: Task execution status=running goal=room315-task-goal-088f52995b2c reason=TaskGoal validated and grounded when required from accepted visual state; requesting PlanSys2 plan
[planner_node-1] [INFO] [1786092594.182297553] [planner]: Writing planning results to /tmp.
[planner_node-1] [INFO] [1786092594.182502370] [planner]: [planner-popf] called with timeout 15.000000 seconds
[room_315_task_execution_node.py-2] [INFO] [1786092597.584828957] [room_315_task_execution_node]: Task execution status=succeeded goal=room315-task-goal-088f52995b2c reason=task_goal_satisfied
[WARNING] [launch]: user interrupted with ctrl-c (SIGINT)
[planner_node-1] [INFO] [1786092609.905273296] [rclcpp]: signal_handler(signum=2)
[planner_node-1] Warning: class_loader.ClassLoader: SEVERE WARNING!!! Attempting to unload library while objects created by this loader exist in the heap! You should delete your objects before attempting to unload the library or destroying the ClassLoader. The library will NOT be unloaded.
[planner_node-1]          at line 127 in ./src/class_loader.cpp
[INFO] [planner_node-1]: process has finished cleanly [pid 1923437]
[INFO] [room_315_task_execution_node.py-2]: process has finished cleanly [pid 1923438]
[ERROR] [launch]: Caught exception in launch (see debug for traceback): Cannot shutdown a ROS adapter that is not running
