[INFO] [launch]: All log files can be found below /tmp/room315_M02_k0pnqyxe/ros_logs_floor/2026-08-07-11-03-00-035410-tiago-Precision-7560-1934671
[INFO] [launch]: Default logging verbosity is set to INFO
[INFO] [launch.user]: Acquired exclusive Room 315 simulation runtime lock.
[INFO] [launch.user]: Cleared VLA obstacle pose cache: /home/tiago/.ros/room315_vla_obstacles.json
[INFO] [launch.user]: Room 315 VLA obstacle markers: disabled
[INFO] [gazebo-1]: process started with pid [1934688]
[INFO] [conveyor_loop_mode_controller.py-2]: process started with pid [1934689]
[conveyor_loop_mode_controller.py-2] [INFO] [1786093380.744579207] [conveyor_loop_mode_controller]: Loaded 8 managed switch poses from /tmp/room_315_only_without_room315_vla_obstacles_1934671.world.
[conveyor_loop_mode_controller.py-2] [INFO] [1786093380.744994427] [conveyor_loop_mode_controller]: Detected initial switch layout from world file: EXTERIOR
[conveyor_loop_mode_controller.py-2] [WARN] [1786093382.322599733] [conveyor_loop_mode_controller]: Switch color update round 1 failed for 8 switch(es); retrying the remaining requests.
[gazebo-1] libEGL warning: egl: failed to create dri2 screen
[INFO] [parameter_bridge-3]: process started with pid [1934908]
[INFO] [parameter_bridge-4]: process started with pid [1934909]
[parameter_bridge-3] [INFO] [1786093383.522545167] [clock_bridge]: Creating GZ->ROS Bridge: [/clock (gz.msgs.Clock) -> /clock (rosgraph_msgs/msg/Clock)] (Lazy 0)
[parameter_bridge-4] [INFO] [1786093383.522545731] [room315_world_service_bridge]: Creating ROS->GZ service bridge [/world/room_315_only/set_pose (ros_gz_interfaces/srv/SetEntityPose -> /)]
[parameter_bridge-4] [INFO] [1786093383.523419203] [room315_world_service_bridge]: Creating ROS->GZ service bridge [/world/room_315_only/create (ros_gz_interfaces/srv/SpawnEntity -> /)]
[parameter_bridge-4] [INFO] [1786093383.523667493] [room315_world_service_bridge]: Creating ROS->GZ service bridge [/world/room_315_only/remove (ros_gz_interfaces/srv/DeleteEntity -> /)]
[conveyor_loop_mode_controller.py-2] [INFO] [1786093383.833704647] [conveyor_loop_mode_controller]: Per-switch command topic: /mfja/conveyor/switch_cmd (examples: "A1R=INTERIOR", "A1=EXTERIOR", "RIGHT=INTERIOR, A3L=EXTERIOR").
[INFO] [room_315_kinematic_shuttle_node.py-5]: process started with pid [1934962]
[INFO] [room_315_kinematic_shuttle_node.py-6]: process started with pid [1934963]
[room_315_kinematic_shuttle_node.py-5] [INFO] [1786093384.892984968] [room_315.rails.right.room_315_kinematic_shuttle]: Room 315 kinematic shuttle started with rail_side=right, network=/home/tiago/mfja_3rd_floor_ros2_ws/install/mfja_robot_control_config/share/mfja_robot_control_config/config/room_315_kinematics/rail_network_right.yaml, path_backend=cubic_hermite, devices=/home/tiago/mfja_3rd_floor_ros2_ws/src/mfja_3rd_floor_gz/mfja_robot_control_config/config/room_315_kinematics/rail_devices_right.yaml, pose_topic=/room_315/rails/right/shuttles/pose_cmd, gazebo_world=room_315_only, add_shuttle_service=/room_315/rails/right/shuttles/add, shuttle_control_topic=/room_315/rails/right/shuttles/command, shuttle_state_topic=/room_315/rails/right/shuttles/state, payload_state_topic=/room_315/rails/right/shuttles/payload_state, payload_command_topic=/room_315/rails/right/shuttles/payload_command, switch_command_topic=/room_315/rails/right/switches/command, switch_state_topic=/room_315/rails/right/switches/state, stopper_command_topic=/room_315/rails/right/stoppers/command, stopper_state_topic=/room_315/rails/right/stoppers/state, sensor_feedback_topic=/room_315/rails/right/sensors/feedback, offset_topic=/room_315/rails/right/shuttles/pose_offset_command, visual_switch_topic=/mfja/conveyor/switch_cmd, visual_switch_state_topic=/mfja/conveyor/switch_states, switch_motion_delay_s=0.300, stopper_motion_delay_s=0.100, sensor_publish_rate_hz=30.000, sync_sensor_feedback_to_motion_tick=True, entity_prefix=room315_right_shuttle_, spawn_service=/world/room_315_only/create, delete_service=/world/room_315_only/remove, payload_visuals=True, loaded_shuttles=[], device_markers=0, shuttles=none
[room_315_kinematic_shuttle_node.py-6] [INFO] [1786093384.894557842] [room_315.rails.left.room_315_kinematic_shuttle]: Room 315 kinematic shuttle started with rail_side=left, network=/home/tiago/mfja_3rd_floor_ros2_ws/install/mfja_robot_control_config/share/mfja_robot_control_config/config/room_315_kinematics/rail_network_left.yaml, path_backend=cubic_hermite, devices=/home/tiago/mfja_3rd_floor_ros2_ws/src/mfja_3rd_floor_gz/mfja_robot_control_config/config/room_315_kinematics/rail_devices_left.yaml, pose_topic=/room_315/rails/left/shuttles/pose_cmd, gazebo_world=room_315_only, add_shuttle_service=/room_315/rails/left/shuttles/add, shuttle_control_topic=/room_315/rails/left/shuttles/command, shuttle_state_topic=/room_315/rails/left/shuttles/state, payload_state_topic=/room_315/rails/left/shuttles/payload_state, payload_command_topic=/room_315/rails/left/shuttles/payload_command, switch_command_topic=/room_315/rails/left/switches/command, switch_state_topic=/room_315/rails/left/switches/state, stopper_command_topic=/room_315/rails/left/stoppers/command, stopper_state_topic=/room_315/rails/left/stoppers/state, sensor_feedback_topic=/room_315/rails/left/sensors/feedback, offset_topic=/room_315/rails/left/shuttles/pose_offset_command, visual_switch_topic=/mfja/conveyor/switch_cmd, visual_switch_state_topic=/mfja/conveyor/switch_states, switch_motion_delay_s=0.300, stopper_motion_delay_s=0.100, sensor_publish_rate_hz=30.000, sync_sensor_feedback_to_motion_tick=True, entity_prefix=room315_left_shuttle_, spawn_service=/world/room_315_only/create, delete_service=/world/room_315_only/remove, payload_visuals=True, loaded_shuttles=[], device_markers=0, shuttles=room315_left_shuttle_1:slot1:A12E@0.954:snap=0.000m, room315_left_shuttle_2:slot2:A12E@1.502:snap=0.000m
[INFO] [parameter_bridge-7]: process started with pid [1934992]
[INFO] [room_315_vla_supervisor.py-8]: process started with pid [1934993]
[parameter_bridge-7] [INFO] [1786093385.528100402] [room315_vla_camera_bridge]: Creating GZ->ROS Bridge: [/room_315/vla/right_rail_rgbd/image (gz.msgs.Image) -> /room_315/vla/right_rail_rgbd/image (sensor_msgs/msg/Image)] (Lazy 0)
[parameter_bridge-7] [INFO] [1786093385.529828361] [room315_vla_camera_bridge]: Creating ROS->GZ Bridge: [/room_315/vla/right_rail_rgbd/image (sensor_msgs/msg/Image) -> /room_315/vla/right_rail_rgbd/image (gz.msgs.Image)] (Lazy 0)
[parameter_bridge-7] [INFO] [1786093385.530279617] [room315_vla_camera_bridge]: Creating GZ->ROS Bridge: [/room_315/vla/right_rail_rgbd/camera_info (gz.msgs.CameraInfo) -> /room_315/vla/right_rail_rgbd/camera_info (sensor_msgs/msg/CameraInfo)] (Lazy 0)
[parameter_bridge-7] [INFO] [1786093385.530640513] [room315_vla_camera_bridge]: Creating ROS->GZ Bridge: [/room_315/vla/right_rail_rgbd/camera_info (sensor_msgs/msg/CameraInfo) -> /room_315/vla/right_rail_rgbd/camera_info (gz.msgs.CameraInfo)] (Lazy 0)
[parameter_bridge-7] [INFO] [1786093385.530982313] [room315_vla_camera_bridge]: Creating GZ->ROS Bridge: [/room_315/vla/right_rail_rgbd/depth_image (gz.msgs.Image) -> /room_315/vla/right_rail_rgbd/depth_image (sensor_msgs/msg/Image)] (Lazy 0)
[parameter_bridge-7] [INFO] [1786093385.531176331] [room315_vla_camera_bridge]: Creating ROS->GZ Bridge: [/room_315/vla/right_rail_rgbd/depth_image (sensor_msgs/msg/Image) -> /room_315/vla/right_rail_rgbd/depth_image (gz.msgs.Image)] (Lazy 0)
[parameter_bridge-7] [INFO] [1786093385.531439911] [room315_vla_camera_bridge]: Creating GZ->ROS Bridge: [/room_315/vla/right_rail_rgbd/points (gz.msgs.PointCloudPacked) -> /room_315/vla/right_rail_rgbd/points (sensor_msgs/msg/PointCloud2)] (Lazy 0)
[parameter_bridge-7] [INFO] [1786093385.531761886] [room315_vla_camera_bridge]: Creating ROS->GZ Bridge: [/room_315/vla/right_rail_rgbd/points (sensor_msgs/msg/PointCloud2) -> /room_315/vla/right_rail_rgbd/points (gz.msgs.PointCloudPacked)] (Lazy 0)
[parameter_bridge-7] [INFO] [1786093385.532083216] [room315_vla_camera_bridge]: Creating GZ->ROS Bridge: [/room_315/vla/left_rail_rgbd/image (gz.msgs.Image) -> /room_315/vla/left_rail_rgbd/image (sensor_msgs/msg/Image)] (Lazy 0)
[parameter_bridge-7] [INFO] [1786093385.532269289] [room315_vla_camera_bridge]: Creating ROS->GZ Bridge: [/room_315/vla/left_rail_rgbd/image (sensor_msgs/msg/Image) -> /room_315/vla/left_rail_rgbd/image (gz.msgs.Image)] (Lazy 0)
[parameter_bridge-7] [INFO] [1786093385.532531493] [room315_vla_camera_bridge]: Creating GZ->ROS Bridge: [/room_315/vla/left_rail_rgbd/camera_info (gz.msgs.CameraInfo) -> /room_315/vla/left_rail_rgbd/camera_info (sensor_msgs/msg/CameraInfo)] (Lazy 0)
[parameter_bridge-7] [INFO] [1786093385.532722137] [room315_vla_camera_bridge]: Creating ROS->GZ Bridge: [/room_315/vla/left_rail_rgbd/camera_info (sensor_msgs/msg/CameraInfo) -> /room_315/vla/left_rail_rgbd/camera_info (gz.msgs.CameraInfo)] (Lazy 0)
[parameter_bridge-7] [INFO] [1786093385.533011809] [room315_vla_camera_bridge]: Creating GZ->ROS Bridge: [/room_315/vla/left_rail_rgbd/depth_image (gz.msgs.Image) -> /room_315/vla/left_rail_rgbd/depth_image (sensor_msgs/msg/Image)] (Lazy 0)
[parameter_bridge-7] [INFO] [1786093385.533196547] [room315_vla_camera_bridge]: Creating ROS->GZ Bridge: [/room_315/vla/left_rail_rgbd/depth_image (sensor_msgs/msg/Image) -> /room_315/vla/left_rail_rgbd/depth_image (gz.msgs.Image)] (Lazy 0)
[parameter_bridge-7] [INFO] [1786093385.533572318] [room315_vla_camera_bridge]: Creating GZ->ROS Bridge: [/room_315/vla/left_rail_rgbd/points (gz.msgs.PointCloudPacked) -> /room_315/vla/left_rail_rgbd/points (sensor_msgs/msg/PointCloud2)] (Lazy 0)
[parameter_bridge-7] [INFO] [1786093385.533769832] [room315_vla_camera_bridge]: Creating ROS->GZ Bridge: [/room_315/vla/left_rail_rgbd/points (sensor_msgs/msg/PointCloud2) -> /room_315/vla/left_rail_rgbd/points (gz.msgs.PointCloudPacked)] (Lazy 0)
[room_315_vla_supervisor.py-8] [INFO] [1786093386.028572401] [room_315_vla_supervisor]: Room 315 VLA supervisor ready. Command topic: /room_315/vla/command
[room_315_vla_supervisor.py-8] [INFO] [1786093427.955324872] [room_315_vla_supervisor]: switches commanded on left: {'A1': 'EXTERIOR', 'A2': 'EXTERIOR', 'A3': 'INTERIOR', 'A4': 'INTERIOR'}
[room_315_kinematic_shuttle_node.py-6] [INFO] [1786093427.955594786] [room_315.rails.left.room_315_kinematic_shuttle]: Scheduled switch state updates from typed command after 0.300s: {'A3': 'I', 'A4': 'I'}
[room_315_kinematic_shuttle_node.py-6] [INFO] [1786093428.269653714] [room_315.rails.left.room_315_kinematic_shuttle]: Published visual switch command from actual state (motion delay): A3L=INTERIOR, A4L=INTERIOR
[conveyor_loop_mode_controller.py-2] [INFO] [1786093428.269899358] [conveyor_loop_mode_controller]: Applying switch command from switch topic command "A3L=INTERIOR, A4L=INTERIOR": A3_gauche_switch=INTERIOR, A4_gauche_switch=INTERIOR
[room_315_kinematic_shuttle_node.py-6] [INFO] [1786093428.270026729] [room_315.rails.left.room_315_kinematic_shuttle]: Applied actual switch states after motion delay: {'A1': 'E', 'A2': 'E', 'A3': 'I', 'A4': 'I'}
[room_315_vla_supervisor.py-8] [INFO] [1786093428.671022385] [room_315_vla_supervisor]: stoppers commanded on left: {'A1': '0', 'A2': '0', 'A3': '0', 'A4': '1'}
[room_315_kinematic_shuttle_node.py-6] [INFO] [1786093428.671358910] [room_315.rails.left.room_315_kinematic_shuttle]: Scheduled stopper state updates from typed command after 0.100s: {'A4': '1'}
[room_315_kinematic_shuttle_node.py-6] [INFO] [1786093428.798739857] [room_315.rails.left.room_315_kinematic_shuttle]: Applied actual stopper states after motion delay: {'A1': '0', 'A2': '0', 'A3': '0', 'A4': '1'}
[conveyor_loop_mode_controller.py-2] [INFO] [1786093429.049168687] [conveyor_loop_mode_controller]: Applied switch command successfully. Current global state: MIXED.
[room_315_vla_supervisor.py-8] [INFO] [1786093430.111360371] [room_315_vla_supervisor]: shuttle command sent on left
[room_315_kinematic_shuttle_node.py-6] [INFO] [1786093430.111529878] [room_315.rails.left.room_315_kinematic_shuttle]: Applied shuttle commands: {'room315_left_shuttle_2': 'ENABLE@0.200m/s'}; shuttles=room315_left_shuttle_1:slot1:A12E@0.954:snap=0.000m, room315_left_shuttle_2:slot2:A12E@1.502:snap=0.000m
[room_315_vla_supervisor.py-8] [INFO] [1786093447.871180477] [room_315_vla_supervisor]: shuttle command sent on left
[room_315_kinematic_shuttle_node.py-6] [INFO] [1786093447.871699080] [room_315.rails.left.room_315_kinematic_shuttle]: Applied shuttle commands: {'room315_left_shuttle_2': 'DISABLE'}; shuttles=room315_left_shuttle_1:slot1:A12E@0.954:snap=0.000m, room315_left_shuttle_2:slot2:A34I@1.054:snap=0.000m
[room_315_vla_supervisor.py-8] [INFO] [1786093448.204653384] [room_315_vla_supervisor]: switches commanded on left: {'A1': 'EXTERIOR', 'A2': 'EXTERIOR', 'A3': 'EXTERIOR', 'A4': 'EXTERIOR'}
[room_315_kinematic_shuttle_node.py-6] [INFO] [1786093448.204860819] [room_315.rails.left.room_315_kinematic_shuttle]: Scheduled switch state updates from typed command after 0.300s: {'A3': 'E', 'A4': 'E'}
[room_315_kinematic_shuttle_node.py-6] [INFO] [1786093448.528719868] [room_315.rails.left.room_315_kinematic_shuttle]: Published visual switch command from actual state (motion delay): A3L=EXTERIOR, A4L=EXTERIOR
[conveyor_loop_mode_controller.py-2] [INFO] [1786093448.528829590] [conveyor_loop_mode_controller]: Applying switch command from switch topic command "A3L=EXTERIOR, A4L=EXTERIOR": A3_gauche_switch=EXTERIOR, A4_gauche_switch=EXTERIOR
[room_315_kinematic_shuttle_node.py-6] [INFO] [1786093448.528999466] [room_315.rails.left.room_315_kinematic_shuttle]: Applied actual switch states after motion delay: {'A1': 'E', 'A2': 'E', 'A3': 'E', 'A4': 'E'}
[conveyor_loop_mode_controller.py-2] [INFO] [1786093449.324427873] [conveyor_loop_mode_controller]: Applied switch command successfully. Current global state: EXTERIOR.
[room_315_vla_supervisor.py-8] [INFO] [1786093449.369159223] [room_315_vla_supervisor]: stoppers commanded on left: {'A1': '0', 'A2': '0', 'A3': '0', 'A4': '0'}
[room_315_kinematic_shuttle_node.py-6] [INFO] [1786093449.369569551] [room_315.rails.left.room_315_kinematic_shuttle]: Scheduled stopper state updates from typed command after 0.100s: {'A4': '0'}
[room_315_kinematic_shuttle_node.py-6] [INFO] [1786093449.494931500] [room_315.rails.left.room_315_kinematic_shuttle]: Applied actual stopper states after motion delay: {'A1': '0', 'A2': '0', 'A3': '0', 'A4': '0'}
[room_315_vla_supervisor.py-8] [INFO] [1786093450.733600794] [room_315_vla_supervisor]: shuttle command sent on left
[room_315_kinematic_shuttle_node.py-6] [INFO] [1786093450.733847931] [room_315.rails.left.room_315_kinematic_shuttle]: Applied shuttle commands: {'room315_left_shuttle_1': 'ENABLE@0.200m/s->slot3'}; shuttles=room315_left_shuttle_1:slot1:A12E@0.954:snap=0.000m, room315_left_shuttle_2:slot2:A34I@1.054:snap=0.000m
[room_315_vla_supervisor.py-8] [INFO] [1786093470.472333501] [room_315_vla_supervisor]: shuttle command sent on left
[room_315_kinematic_shuttle_node.py-6] [INFO] [1786093470.473065490] [room_315.rails.left.room_315_kinematic_shuttle]: Applied shuttle commands: {'room315_left_shuttle_1': 'DISABLE'}; shuttles=room315_left_shuttle_1:slot1:A34E@0.953:snap=0.000m, room315_left_shuttle_2:slot2:A34I@1.054:snap=0.000m
[room_315_vla_supervisor.py-8] [INFO] [1786093479.125253640] [room_315_vla_supervisor]: stop all command: all shuttles OFF
[room_315_kinematic_shuttle_node.py-6] [INFO] [1786093479.125816163] [room_315.rails.left.room_315_kinematic_shuttle]: Applied shuttle commands: {'room315_left_shuttle_1': 'DISABLE', 'room315_left_shuttle_2': 'DISABLE'}; shuttles=room315_left_shuttle_1:slot1:A34E@0.953:snap=0.000m, room315_left_shuttle_2:slot2:A34I@1.054:snap=0.000m
[WARNING] [launch]: user interrupted with ctrl-c (SIGINT)
[parameter_bridge-4] [INFO] [1786093480.489255390] [rclcpp]: signal_handler(signum=2)
[parameter_bridge-7] [INFO] [1786093480.489255698] [rclcpp]: signal_handler(signum=2)
[parameter_bridge-3] [INFO] [1786093480.489300520] [rclcpp]: signal_handler(signum=2)
[conveyor_loop_mode_controller.py-2] Traceback (most recent call last):
[conveyor_loop_mode_controller.py-2]   File "/home/tiago/mfja_3rd_floor_ros2_ws/install/mfja_robot_control_config/lib/mfja_robot_control_config/conveyor_loop_mode_controller.py", line 1330, in <module>
[conveyor_loop_mode_controller.py-2]     main()
[conveyor_loop_mode_controller.py-2]   File "/home/tiago/mfja_3rd_floor_ros2_ws/install/mfja_robot_control_config/lib/mfja_robot_control_config/conveyor_loop_mode_controller.py", line 1321, in main
[conveyor_loop_mode_controller.py-2]     rclpy.spin(node)
[conveyor_loop_mode_controller.py-2]   File "/opt/ros/jazzy/lib/python3.12/site-packages/rclpy/__init__.py", line 247, in spin
[conveyor_loop_mode_controller.py-2]     executor.spin_once()
[conveyor_loop_mode_controller.py-2]   File "/opt/ros/jazzy/lib/python3.12/site-packages/rclpy/executors.py", line 839, in spin_once
[conveyor_loop_mode_controller.py-2]     self._spin_once_impl(timeout_sec)
[conveyor_loop_mode_controller.py-2]   File "/opt/ros/jazzy/lib/python3.12/site-packages/rclpy/executors.py", line 823, in _spin_once_impl
[conveyor_loop_mode_controller.py-2]     handler, entity, node = self.wait_for_ready_callbacks(
[conveyor_loop_mode_controller.py-2]                             ^^^^^^^^^^^^^^^^^^^^^^^^^^^^^^
[conveyor_loop_mode_controller.py-2]   File "/opt/ros/jazzy/lib/python3.12/site-packages/rclpy/executors.py", line 793, in wait_for_ready_callbacks
[conveyor_loop_mode_controller.py-2]     return next(self._cb_iter)
[conveyor_loop_mode_controller.py-2]            ^^^^^^^^^^^^^^^^^^^
[conveyor_loop_mode_controller.py-2]   File "/opt/ros/jazzy/lib/python3.12/site-packages/rclpy/executors.py", line 697, in _wait_for_ready_callbacks
[conveyor_loop_mode_controller.py-2]     wait_set.wait(timeout_nsec)
[conveyor_loop_mode_controller.py-2] KeyboardInterrupt
[ERROR] [conveyor_loop_mode_controller.py-2]: process has died [pid 1934689, exit code -2, cmd '/home/tiago/mfja_3rd_floor_ros2_ws/install/mfja_robot_control_config/lib/mfja_robot_control_config/conveyor_loop_mode_controller.py --world room_315_only --world-file /tmp/room_315_only_without_room315_vla_obstacles_1934671.world --partition room_315_only_1934671 --initial-loop-mode auto --no-pause-during-switch-update --neutral-visual-colors --ros-args -r __node:=conveyor_loop_mode_controller --params-file /tmp/launch_params_9934e6sq'].
[INFO] [parameter_bridge-3]: process has finished cleanly [pid 1934908]
[INFO] [parameter_bridge-4]: process has finished cleanly [pid 1934909]
[INFO] [parameter_bridge-7]: process has finished cleanly [pid 1934992]
[INFO] [room_315_vla_supervisor.py-8]: process has finished cleanly [pid 1934993]
[INFO] [room_315_kinematic_shuttle_node.py-6]: process has finished cleanly [pid 1934963]
[INFO] [room_315_kinematic_shuttle_node.py-5]: process has finished cleanly [pid 1934962]
[ERROR] [gazebo-1]: process has died [pid 1934688, exit code -2, cmd 'ruby /opt/ros/jazzy/opt/gz_tools_vendor/bin/gz sim -r -s /tmp/room_315_only_without_room315_vla_obstacles_1934671.world --force-version 8'].
[INFO] [launch]: process[gazebo-1] was required: shutting down launched system
