[INFO] [launch]: All log files can be found below /tmp/room315_P01_v_syjzsa/ros_logs_execution/2026-08-07-10-58-27-116225-tiago-Precision-7560-1932397
[INFO] [launch]: Default logging verbosity is set to INFO
[INFO] [planner_node-1]: process started with pid [1932427]
[INFO] [room_315_task_execution_node.py-2]: process started with pid [1932428]
[room_315_task_execution_node.py-2] [INFO] [1786093107.881409949] [room_315_task_execution_node]: Task execution status=idle goal=none reason=task execution node initialized
[room_315_task_execution_node.py-2] [INFO] [1786093107.882071659] [room_315_task_execution_node]: Room 315 TaskGoal execution gateway initialized. Planning localization comes from validated visual state; final slot arrival requires deterministic sensor identity plus controller-stop confirmation.
[planner_node-1] [INFO] [1786093108.294814295] [planner]: [planner] Configuring...
[planner_node-1] [INFO] [1786093108.295700617] [planner]: Created solver : POPF of type plansys2/POPFPlanSolver
[planner_node-1] [INFO] [1786093108.295723011] [planner]: [planner] Solver Timeout 15
[planner_node-1] [INFO] [1786093108.298792802] [planner]: [planner] Configured
[planner_node-1] [INFO] [1786093108.300598185] [planner]: [planner] Activating...
[planner_node-1] [INFO] [1786093108.300626073] [planner]: [planner] Activated
[room_315_task_execution_node.py-2] [INFO] [1786093131.633019263] [room_315_task_execution_node]: Task execution status=accepted goal=room315-task-goal-27493a159946 reason=validated TaskGoal accepted for closed-loop execution
[room_315_task_execution_node.py-2] [INFO] [1786093131.634262882] [room_315_task_execution_node]: Task execution status=running goal=room315-task-goal-27493a159946 reason=observing and requesting PlanSys2 plan
[room_315_task_execution_node.py-2] [INFO] [1786093133.018210576] [room_315_task_execution_node]: Payload-qualified TaskGoal grounded by fresh visual consensus: selected=right_shuttle_1 filter=loaded frames=5/5 observations=5 source_state=room315-live-visual-40-730000000
[room_315_task_execution_node.py-2] [INFO] [1786093133.018729477] [room_315_task_execution_node]: Task execution status=running goal=room315-task-goal-27493a159946 reason=TaskGoal validated and grounded when required from accepted visual state; requesting PlanSys2 plan
[planner_node-1] [INFO] [1786093133.220069861] [planner]: Writing planning results to /tmp.
[planner_node-1] [INFO] [1786093133.220300157] [planner]: [planner-popf] called with timeout 15.000000 seconds
[planner_node-1] [INFO] [1786093135.693246649] [planner]: Writing planning results to /tmp.
[planner_node-1] [INFO] [1786093135.693424532] [planner]: [planner-popf] called with timeout 15.000000 seconds
[planner_node-1] [INFO] [1786093148.738963420] [planner]: Writing planning results to /tmp.
[planner_node-1] [INFO] [1786093148.739150055] [planner]: [planner-popf] called with timeout 15.000000 seconds
[planner_node-1] [INFO] [1786093151.480286622] [planner]: Writing planning results to /tmp.
[planner_node-1] [INFO] [1786093151.480462386] [planner]: [planner-popf] called with timeout 15.000000 seconds
[room_315_task_execution_node.py-2] [INFO] [1786093167.220670815] [room_315_task_execution_node]: Task execution status=succeeded goal=room315-task-goal-27493a159946 reason=task_goal_satisfied
[WARNING] [launch]: user interrupted with ctrl-c (SIGINT)
[planner_node-1] [INFO] [1786093177.407341594] [rclcpp]: signal_handler(signum=2)
[planner_node-1] Warning: class_loader.ClassLoader: SEVERE WARNING!!! Attempting to unload library while objects created by this loader exist in the heap! You should delete your objects before attempting to unload the library or destroying the ClassLoader. The library will NOT be unloaded.
[planner_node-1]          at line 127 in ./src/class_loader.cpp
[INFO] [planner_node-1]: process has finished cleanly [pid 1932427]
[INFO] [room_315_task_execution_node.py-2]: process has finished cleanly [pid 1932428]
[ERROR] [launch]: Caught exception in launch (see debug for traceback): Cannot shutdown a ROS adapter that is not running
