[INFO] [launch]: All log files can be found below /tmp/room315_B02_5s7j5x5r/ros_logs_execution/2026-08-07-10-50-29-343573-tiago-Precision-7560-1924246
[INFO] [launch]: Default logging verbosity is set to INFO
[INFO] [planner_node-1]: process started with pid [1924285]
[INFO] [room_315_task_execution_node.py-2]: process started with pid [1924286]
[room_315_task_execution_node.py-2] [INFO] [1786092630.007283057] [room_315_task_execution_node]: Task execution status=idle goal=none reason=task execution node initialized
[room_315_task_execution_node.py-2] [INFO] [1786092630.007717925] [room_315_task_execution_node]: Room 315 TaskGoal execution gateway initialized. Planning localization comes from validated visual state; final slot arrival requires deterministic sensor identity plus controller-stop confirmation.
[planner_node-1] [INFO] [1786092630.522742552] [planner]: [planner] Configuring...
[planner_node-1] [INFO] [1786092630.523368648] [planner]: Created solver : POPF of type plansys2/POPFPlanSolver
[planner_node-1] [INFO] [1786092630.523382309] [planner]: [planner] Solver Timeout 15
[planner_node-1] [INFO] [1786092630.525179962] [planner]: [planner] Configured
[planner_node-1] [INFO] [1786092630.526381627] [planner]: [planner] Activating...
[planner_node-1] [INFO] [1786092630.526395297] [planner]: [planner] Activated
[room_315_task_execution_node.py-2] [INFO] [1786092654.203051337] [room_315_task_execution_node]: Task execution status=accepted goal=room315-task-goal-a71a26e55beb reason=validated TaskGoal accepted for closed-loop execution
[room_315_task_execution_node.py-2] [INFO] [1786092654.204563749] [room_315_task_execution_node]: Task execution status=running goal=room315-task-goal-a71a26e55beb reason=observing and requesting PlanSys2 plan
[room_315_task_execution_node.py-2] [INFO] [1786092654.207812386] [room_315_task_execution_node]: Task execution status=running goal=room315-task-goal-a71a26e55beb reason=TaskGoal validated and grounded when required from accepted visual state; requesting PlanSys2 plan
[planner_node-1] [INFO] [1786092654.360874272] [planner]: Writing planning results to /tmp.
[planner_node-1] [INFO] [1786092654.361071363] [planner]: [planner-popf] called with timeout 15.000000 seconds
[room_315_task_execution_node.py-2] [INFO] [1786092667.762176426] [room_315_task_execution_node]: Task execution status=succeeded goal=room315-task-goal-a71a26e55beb reason=task_goal_satisfied
[WARNING] [launch]: user interrupted with ctrl-c (SIGINT)
[planner_node-1] [INFO] [1786092675.972066921] [rclcpp]: signal_handler(signum=2)
[INFO] [planner_node-1]: process has finished cleanly [pid 1924285]
[INFO] [room_315_task_execution_node.py-2]: process has finished cleanly [pid 1924286]
[planner_node-1] Warning: class_loader.ClassLoader: SEVERE WARNING!!! Attempting to unload library while objects created by this loader exist in the heap! You should delete your objects before attempting to unload the library or destroying the ClassLoader. The library will NOT be unloaded.
[planner_node-1]          at line 127 in ./src/class_loader.cpp
[ERROR] [launch]: Caught exception in launch (see debug for traceback): Cannot shutdown a ROS adapter that is not running
