[room_315_vla_supervisor.py-8] [INFO] [1786093326.018330659] [room_315_vla_supervisor]: switches commanded on right: {'A1': 'EXTERIOR', 'A2': 'EXTERIOR', 'A3': 'INTERIOR', 'A4': 'INTERIOR'}
[room_315_kinematic_shuttle_node.py-5] [INFO] [1786093326.018640183] [room_315.rails.right.room_315_kinematic_shuttle]: Scheduled switch state updates from typed command after 0.300s: {'A3': 'I', 'A4': 'I'}
[conveyor_loop_mode_controller.py-2] [INFO] [1786093326.317899782] [conveyor_loop_mode_controller]: Applying switch command from switch topic command "A3R=INTERIOR, A4R=INTERIOR": A3_droit_switch=INTERIOR, A4_droit_switch=INTERIOR
[room_315_kinematic_shuttle_node.py-5] [INFO] [1786093326.317934573] [room_315.rails.right.room_315_kinematic_shuttle]: Published visual switch command from actual state (motion delay): A3R=INTERIOR, A4R=INTERIOR
[room_315_kinematic_shuttle_node.py-5] [INFO] [1786093326.318423560] [room_315.rails.right.room_315_kinematic_shuttle]: Applied actual switch states after motion delay: {'A1': 'E', 'A2': 'E', 'A3': 'I', 'A4': 'I'}
[conveyor_loop_mode_controller.py-2] [INFO] [1786093327.082439425] [conveyor_loop_mode_controller]: Applied switch command successfully. Current global state: MIXED.
[room_315_kinematic_shuttle_node.py-5] [INFO] [1786093327.192377700] [room_315.rails.right.room_315_kinematic_shuttle]: Scheduled stopper state updates from typed command after 0.100s: {'A4': '1'}
[room_315_vla_supervisor.py-8] [INFO] [1786093327.192592465] [room_315_vla_supervisor]: stoppers commanded on right: {'A1': '0', 'A2': '0', 'A3': '0', 'A4': '1'}
[room_315_kinematic_shuttle_node.py-5] [INFO] [1786093327.318211744] [room_315.rails.right.room_315_kinematic_shuttle]: Applied actual stopper states after motion delay: {'A1': '0', 'A2': '0', 'A3': '0', 'A4': '1'}
[room_315_vla_supervisor.py-8] [INFO] [1786093328.435359496] [room_315_vla_supervisor]: shuttle command sent on right
[room_315_kinematic_shuttle_node.py-5] [INFO] [1786093328.435606468] [room_315.rails.right.room_315_kinematic_shuttle]: Applied shuttle commands: {'room315_right_shuttle_2': 'ENABLE@0.200m/s'}; shuttles=room315_right_shuttle_1:slot1:A12E@0.918:snap=0.000m, room315_right_shuttle_2:slot2:A12E@1.455:snap=0.000m
[room_315_vla_supervisor.py-8] [INFO] [1786093341.197018933] [room_315_vla_supervisor]: shuttle command sent on right
[room_315_kinematic_shuttle_node.py-5] [INFO] [1786093341.197226470] [room_315.rails.right.room_315_kinematic_shuttle]: Applied shuttle commands: {'room315_right_shuttle_2': 'DISABLE'}; shuttles=room315_right_shuttle_1:slot1:A12E@0.918:snap=0.000m, room315_right_shuttle_2:slot2:A34I@1.061:snap=0.000m
[room_315_vla_supervisor.py-8] [INFO] [1786093342.117525081] [room_315_vla_supervisor]: switches commanded on right: {'A1': 'EXTERIOR', 'A2': 'EXTERIOR', 'A3': 'EXTERIOR', 'A4': 'EXTERIOR'}
[room_315_kinematic_shuttle_node.py-5] [INFO] [1786093342.117740532] [room_315.rails.right.room_315_kinematic_shuttle]: Scheduled switch state updates from typed command after 0.300s: {'A3': 'E', 'A4': 'E'}
[room_315_kinematic_shuttle_node.py-5] [INFO] [1786093342.428023109] [room_315.rails.right.room_315_kinematic_shuttle]: Published visual switch command from actual state (motion delay): A3R=EXTERIOR, A4R=EXTERIOR
[room_315_kinematic_shuttle_node.py-5] [INFO] [1786093342.428308429] [room_315.rails.right.room_315_kinematic_shuttle]: Applied actual switch states after motion delay: {'A1': 'E', 'A2': 'E', 'A3': 'E', 'A4': 'E'}
[conveyor_loop_mode_controller.py-2] [INFO] [1786093342.428420324] [conveyor_loop_mode_controller]: Applying switch command from switch topic command "A3R=EXTERIOR, A4R=EXTERIOR": A3_droit_switch=EXTERIOR, A4_droit_switch=EXTERIOR
[conveyor_loop_mode_controller.py-2] [INFO] [1786093343.206939594] [conveyor_loop_mode_controller]: Applied switch command successfully. Current global state: EXTERIOR.
[room_315_vla_supervisor.py-8] [INFO] [1786093343.663367536] [room_315_vla_supervisor]: stoppers commanded on right: {'A1': '0', 'A2': '0', 'A3': '0', 'A4': '0'}
[room_315_kinematic_shuttle_node.py-5] [INFO] [1786093343.663855779] [room_315.rails.right.room_315_kinematic_shuttle]: Scheduled stopper state updates from typed command after 0.100s: {'A4': '0'}
[room_315_kinematic_shuttle_node.py-5] [INFO] [1786093343.789160808] [room_315.rails.right.room_315_kinematic_shuttle]: Applied actual stopper states after motion delay: {'A1': '0', 'A2': '0', 'A3': '0', 'A4': '0'}
[room_315_vla_supervisor.py-8] [INFO] [1786093345.330238914] [room_315_vla_supervisor]: shuttle command sent on right
[room_315_kinematic_shuttle_node.py-5] [INFO] [1786093345.330440866] [room_315.rails.right.room_315_kinematic_shuttle]: Applied shuttle commands: {'room315_right_shuttle_1': 'ENABLE@0.200m/s->slot3'}; shuttles=room315_right_shuttle_1:slot1:A12E@0.918:snap=0.000m, room315_right_shuttle_2:slot2:A34I@1.061:snap=0.000m
[room_315_vla_supervisor.py-8] [INFO] [1786093360.748608945] [room_315_vla_supervisor]: shuttle command sent on right
[room_315_kinematic_shuttle_node.py-5] [INFO] [1786093360.749151526] [room_315.rails.right.room_315_kinematic_shuttle]: Applied shuttle commands: {'room315_right_shuttle_1': 'DISABLE'}; shuttles=room315_right_shuttle_1:slot1:A34E@0.997:snap=0.000m, room315_right_shuttle_2:slot2:A34I@1.061:snap=0.000m
