[INFO] [launch]: All log files can be found below /tmp/room315_B04_bz51bcig/ros_logs_floor/2026-08-07-10-52-21-708609-tiago-Precision-7560-1926139
[INFO] [launch]: Default logging verbosity is set to INFO
[INFO] [launch.user]: Acquired exclusive Room 315 simulation runtime lock.
[INFO] [launch.user]: Cleared VLA obstacle pose cache: /home/tiago/.ros/room315_vla_obstacles.json
[INFO] [launch.user]: Room 315 VLA obstacle markers: disabled
[INFO] [gazebo-1]: process started with pid [1926156]
[INFO] [conveyor_loop_mode_controller.py-2]: process started with pid [1926157]
[conveyor_loop_mode_controller.py-2] [INFO] [1786092742.406961362] [conveyor_loop_mode_controller]: Loaded 8 managed switch poses from /tmp/room_315_only_without_room315_vla_obstacles_1926139.world.
[conveyor_loop_mode_controller.py-2] [INFO] [1786092742.407354349] [conveyor_loop_mode_controller]: Detected initial switch layout from world file: EXTERIOR
[conveyor_loop_mode_controller.py-2] [WARN] [1786092743.985940922] [conveyor_loop_mode_controller]: Switch color update round 1 failed for 8 switch(es); retrying the remaining requests.
[gazebo-1] libEGL warning: egl: failed to create dri2 screen
[INFO] [parameter_bridge-3]: process started with pid [1926359]
[INFO] [parameter_bridge-4]: process started with pid [1926360]
[parameter_bridge-3] [INFO] [1786092745.182715975] [clock_bridge]: Creating GZ->ROS Bridge: [/clock (gz.msgs.Clock) -> /clock (rosgraph_msgs/msg/Clock)] (Lazy 0)
[parameter_bridge-4] [INFO] [1786092745.182716804] [room315_world_service_bridge]: Creating ROS->GZ service bridge [/world/room_315_only/set_pose (ros_gz_interfaces/srv/SetEntityPose -> /)]
[parameter_bridge-4] [INFO] [1786092745.183539403] [room315_world_service_bridge]: Creating ROS->GZ service bridge [/world/room_315_only/create (ros_gz_interfaces/srv/SpawnEntity -> /)]
[parameter_bridge-4] [INFO] [1786092745.183767222] [room315_world_service_bridge]: Creating ROS->GZ service bridge [/world/room_315_only/remove (ros_gz_interfaces/srv/DeleteEntity -> /)]
[conveyor_loop_mode_controller.py-2] [INFO] [1786092745.503995701] [conveyor_loop_mode_controller]: Per-switch command topic: /mfja/conveyor/switch_cmd (examples: "A1R=INTERIOR", "A1=EXTERIOR", "RIGHT=INTERIOR, A3L=EXTERIOR").
[INFO] [room_315_kinematic_shuttle_node.py-5]: process started with pid [1926463]
[INFO] [room_315_kinematic_shuttle_node.py-6]: process started with pid [1926464]
[room_315_kinematic_shuttle_node.py-6] [INFO] [1786092746.574358802] [room_315.rails.left.room_315_kinematic_shuttle]: Room 315 kinematic shuttle started with rail_side=left, network=/home/tiago/mfja_3rd_floor_ros2_ws/install/mfja_robot_control_config/share/mfja_robot_control_config/config/room_315_kinematics/rail_network_left.yaml, path_backend=cubic_hermite, devices=/home/tiago/mfja_3rd_floor_ros2_ws/src/mfja_3rd_floor_gz/mfja_robot_control_config/config/room_315_kinematics/rail_devices_left.yaml, pose_topic=/room_315/rails/left/shuttles/pose_cmd, gazebo_world=room_315_only, add_shuttle_service=/room_315/rails/left/shuttles/add, shuttle_control_topic=/room_315/rails/left/shuttles/command, shuttle_state_topic=/room_315/rails/left/shuttles/state, payload_state_topic=/room_315/rails/left/shuttles/payload_state, payload_command_topic=/room_315/rails/left/shuttles/payload_command, switch_command_topic=/room_315/rails/left/switches/command, switch_state_topic=/room_315/rails/left/switches/state, stopper_command_topic=/room_315/rails/left/stoppers/command, stopper_state_topic=/room_315/rails/left/stoppers/state, sensor_feedback_topic=/room_315/rails/left/sensors/feedback, offset_topic=/room_315/rails/left/shuttles/pose_offset_command, visual_switch_topic=/mfja/conveyor/switch_cmd, visual_switch_state_topic=/mfja/conveyor/switch_states, switch_motion_delay_s=0.300, stopper_motion_delay_s=0.100, sensor_publish_rate_hz=30.000, sync_sensor_feedback_to_motion_tick=True, entity_prefix=room315_left_shuttle_, spawn_service=/world/room_315_only/create, delete_service=/world/room_315_only/remove, payload_visuals=True, loaded_shuttles=[], device_markers=0, shuttles=none
[room_315_kinematic_shuttle_node.py-5] [INFO] [1786092746.590821180] [room_315.rails.right.room_315_kinematic_shuttle]: Room 315 kinematic shuttle started with rail_side=right, network=/home/tiago/mfja_3rd_floor_ros2_ws/install/mfja_robot_control_config/share/mfja_robot_control_config/config/room_315_kinematics/rail_network_right.yaml, path_backend=cubic_hermite, devices=/home/tiago/mfja_3rd_floor_ros2_ws/src/mfja_3rd_floor_gz/mfja_robot_control_config/config/room_315_kinematics/rail_devices_right.yaml, pose_topic=/room_315/rails/right/shuttles/pose_cmd, gazebo_world=room_315_only, add_shuttle_service=/room_315/rails/right/shuttles/add, shuttle_control_topic=/room_315/rails/right/shuttles/command, shuttle_state_topic=/room_315/rails/right/shuttles/state, payload_state_topic=/room_315/rails/right/shuttles/payload_state, payload_command_topic=/room_315/rails/right/shuttles/payload_command, switch_command_topic=/room_315/rails/right/switches/command, switch_state_topic=/room_315/rails/right/switches/state, stopper_command_topic=/room_315/rails/right/stoppers/command, stopper_state_topic=/room_315/rails/right/stoppers/state, sensor_feedback_topic=/room_315/rails/right/sensors/feedback, offset_topic=/room_315/rails/right/shuttles/pose_offset_command, visual_switch_topic=/mfja/conveyor/switch_cmd, visual_switch_state_topic=/mfja/conveyor/switch_states, switch_motion_delay_s=0.300, stopper_motion_delay_s=0.100, sensor_publish_rate_hz=30.000, sync_sensor_feedback_to_motion_tick=True, entity_prefix=room315_right_shuttle_, spawn_service=/world/room_315_only/create, delete_service=/world/room_315_only/remove, payload_visuals=True, loaded_shuttles=[], device_markers=0, shuttles=room315_right_shuttle_4:slot4:A34E@1.523:snap=0.000m
[INFO] [parameter_bridge-7]: process started with pid [1926513]
[INFO] [room_315_vla_supervisor.py-8]: process started with pid [1926514]
[parameter_bridge-7] [INFO] [1786092747.186514770] [room315_vla_camera_bridge]: Creating GZ->ROS Bridge: [/room_315/vla/right_rail_rgbd/image (gz.msgs.Image) -> /room_315/vla/right_rail_rgbd/image (sensor_msgs/msg/Image)] (Lazy 0)
[parameter_bridge-7] [INFO] [1786092747.188269665] [room315_vla_camera_bridge]: Creating ROS->GZ Bridge: [/room_315/vla/right_rail_rgbd/image (sensor_msgs/msg/Image) -> /room_315/vla/right_rail_rgbd/image (gz.msgs.Image)] (Lazy 0)
[parameter_bridge-7] [INFO] [1786092747.188765465] [room315_vla_camera_bridge]: Creating GZ->ROS Bridge: [/room_315/vla/right_rail_rgbd/camera_info (gz.msgs.CameraInfo) -> /room_315/vla/right_rail_rgbd/camera_info (sensor_msgs/msg/CameraInfo)] (Lazy 0)
[parameter_bridge-7] [INFO] [1786092747.189105774] [room315_vla_camera_bridge]: Creating ROS->GZ Bridge: [/room_315/vla/right_rail_rgbd/camera_info (sensor_msgs/msg/CameraInfo) -> /room_315/vla/right_rail_rgbd/camera_info (gz.msgs.CameraInfo)] (Lazy 0)
[parameter_bridge-7] [INFO] [1786092747.189437240] [room315_vla_camera_bridge]: Creating GZ->ROS Bridge: [/room_315/vla/right_rail_rgbd/depth_image (gz.msgs.Image) -> /room_315/vla/right_rail_rgbd/depth_image (sensor_msgs/msg/Image)] (Lazy 0)
[parameter_bridge-7] [INFO] [1786092747.189631569] [room315_vla_camera_bridge]: Creating ROS->GZ Bridge: [/room_315/vla/right_rail_rgbd/depth_image (sensor_msgs/msg/Image) -> /room_315/vla/right_rail_rgbd/depth_image (gz.msgs.Image)] (Lazy 0)
[parameter_bridge-7] [INFO] [1786092747.189863966] [room315_vla_camera_bridge]: Creating GZ->ROS Bridge: [/room_315/vla/right_rail_rgbd/points (gz.msgs.PointCloudPacked) -> /room_315/vla/right_rail_rgbd/points (sensor_msgs/msg/PointCloud2)] (Lazy 0)
[parameter_bridge-7] [INFO] [1786092747.190171133] [room315_vla_camera_bridge]: Creating ROS->GZ Bridge: [/room_315/vla/right_rail_rgbd/points (sensor_msgs/msg/PointCloud2) -> /room_315/vla/right_rail_rgbd/points (gz.msgs.PointCloudPacked)] (Lazy 0)
[parameter_bridge-7] [INFO] [1786092747.190508909] [room315_vla_camera_bridge]: Creating GZ->ROS Bridge: [/room_315/vla/left_rail_rgbd/image (gz.msgs.Image) -> /room_315/vla/left_rail_rgbd/image (sensor_msgs/msg/Image)] (Lazy 0)
[parameter_bridge-7] [INFO] [1786092747.190690799] [room315_vla_camera_bridge]: Creating ROS->GZ Bridge: [/room_315/vla/left_rail_rgbd/image (sensor_msgs/msg/Image) -> /room_315/vla/left_rail_rgbd/image (gz.msgs.Image)] (Lazy 0)
[parameter_bridge-7] [INFO] [1786092747.190947410] [room315_vla_camera_bridge]: Creating GZ->ROS Bridge: [/room_315/vla/left_rail_rgbd/camera_info (gz.msgs.CameraInfo) -> /room_315/vla/left_rail_rgbd/camera_info (sensor_msgs/msg/CameraInfo)] (Lazy 0)
[parameter_bridge-7] [INFO] [1786092747.191173723] [room315_vla_camera_bridge]: Creating ROS->GZ Bridge: [/room_315/vla/left_rail_rgbd/camera_info (sensor_msgs/msg/CameraInfo) -> /room_315/vla/left_rail_rgbd/camera_info (gz.msgs.CameraInfo)] (Lazy 0)
[parameter_bridge-7] [INFO] [1786092747.191438830] [room315_vla_camera_bridge]: Creating GZ->ROS Bridge: [/room_315/vla/left_rail_rgbd/depth_image (gz.msgs.Image) -> /room_315/vla/left_rail_rgbd/depth_image (sensor_msgs/msg/Image)] (Lazy 0)
[parameter_bridge-7] [INFO] [1786092747.191698574] [room315_vla_camera_bridge]: Creating ROS->GZ Bridge: [/room_315/vla/left_rail_rgbd/depth_image (sensor_msgs/msg/Image) -> /room_315/vla/left_rail_rgbd/depth_image (gz.msgs.Image)] (Lazy 0)
[parameter_bridge-7] [INFO] [1786092747.191980404] [room315_vla_camera_bridge]: Creating GZ->ROS Bridge: [/room_315/vla/left_rail_rgbd/points (gz.msgs.PointCloudPacked) -> /room_315/vla/left_rail_rgbd/points (sensor_msgs/msg/PointCloud2)] (Lazy 0)
[parameter_bridge-7] [INFO] [1786092747.192162274] [room315_vla_camera_bridge]: Creating ROS->GZ Bridge: [/room_315/vla/left_rail_rgbd/points (sensor_msgs/msg/PointCloud2) -> /room_315/vla/left_rail_rgbd/points (gz.msgs.PointCloudPacked)] (Lazy 0)
[room_315_vla_supervisor.py-8] [INFO] [1786092747.507123026] [room_315_vla_supervisor]: Room 315 VLA supervisor ready. Command topic: /room_315/vla/command
[room_315_vla_supervisor.py-8] [INFO] [1786092783.803717030] [room_315_vla_supervisor]: shuttle command sent on right
[room_315_kinematic_shuttle_node.py-5] [INFO] [1786092783.804291270] [room_315.rails.right.room_315_kinematic_shuttle]: Applied shuttle commands: {'room315_right_shuttle_4': 'ENABLE@0.200m/s->slot1'}; shuttles=room315_right_shuttle_4:slot4:A34E@1.523:snap=0.000m
[room_315_vla_supervisor.py-8] [INFO] [1786092801.089789268] [room_315_vla_supervisor]: shuttle command sent on right
[room_315_kinematic_shuttle_node.py-5] [INFO] [1786092801.090252864] [room_315.rails.right.room_315_kinematic_shuttle]: Applied shuttle commands: {'room315_right_shuttle_4': 'DISABLE'}; shuttles=room315_right_shuttle_4:slot4:A12E@0.918:snap=0.000m
[room_315_vla_supervisor.py-8] [INFO] [1786092809.900767250] [room_315_vla_supervisor]: stop all command: all shuttles OFF
[room_315_kinematic_shuttle_node.py-5] [INFO] [1786092809.900956763] [room_315.rails.right.room_315_kinematic_shuttle]: Applied shuttle commands: {'room315_right_shuttle_4': 'DISABLE'}; shuttles=room315_right_shuttle_4:slot4:A12E@0.918:snap=0.000m
[WARNING] [launch]: user interrupted with ctrl-c (SIGINT)
[parameter_bridge-7] [INFO] [1786092811.416209799] [rclcpp]: signal_handler(signum=2)
[parameter_bridge-4] [INFO] [1786092811.416232444] [rclcpp]: signal_handler(signum=2)
[parameter_bridge-3] [INFO] [1786092811.416242521] [rclcpp]: signal_handler(signum=2)
[conveyor_loop_mode_controller.py-2] Traceback (most recent call last):
[conveyor_loop_mode_controller.py-2]   File "/home/tiago/mfja_3rd_floor_ros2_ws/install/mfja_robot_control_config/lib/mfja_robot_control_config/conveyor_loop_mode_controller.py", line 1330, in <module>
[conveyor_loop_mode_controller.py-2]     main()
[conveyor_loop_mode_controller.py-2]   File "/home/tiago/mfja_3rd_floor_ros2_ws/install/mfja_robot_control_config/lib/mfja_robot_control_config/conveyor_loop_mode_controller.py", line 1321, in main
[conveyor_loop_mode_controller.py-2]     rclpy.spin(node)
[conveyor_loop_mode_controller.py-2]   File "/opt/ros/jazzy/lib/python3.12/site-packages/rclpy/__init__.py", line 247, in spin
[conveyor_loop_mode_controller.py-2]     executor.spin_once()
[conveyor_loop_mode_controller.py-2]   File "/opt/ros/jazzy/lib/python3.12/site-packages/rclpy/executors.py", line 839, in spin_once
[conveyor_loop_mode_controller.py-2]     self._spin_once_impl(timeout_sec)
[conveyor_loop_mode_controller.py-2]   File "/opt/ros/jazzy/lib/python3.12/site-packages/rclpy/executors.py", line 823, in _spin_once_impl
[conveyor_loop_mode_controller.py-2]     handler, entity, node = self.wait_for_ready_callbacks(
[conveyor_loop_mode_controller.py-2]                             ^^^^^^^^^^^^^^^^^^^^^^^^^^^^^^
[conveyor_loop_mode_controller.py-2]   File "/opt/ros/jazzy/lib/python3.12/site-packages/rclpy/executors.py", line 793, in wait_for_ready_callbacks
[conveyor_loop_mode_controller.py-2]     return next(self._cb_iter)
[conveyor_loop_mode_controller.py-2]            ^^^^^^^^^^^^^^^^^^^
[conveyor_loop_mode_controller.py-2]   File "/opt/ros/jazzy/lib/python3.12/site-packages/rclpy/executors.py", line 697, in _wait_for_ready_callbacks
[conveyor_loop_mode_controller.py-2]     wait_set.wait(timeout_nsec)
[conveyor_loop_mode_controller.py-2] KeyboardInterrupt
[ERROR] [conveyor_loop_mode_controller.py-2]: process has died [pid 1926157, exit code -2, cmd '/home/tiago/mfja_3rd_floor_ros2_ws/install/mfja_robot_control_config/lib/mfja_robot_control_config/conveyor_loop_mode_controller.py --world room_315_only --world-file /tmp/room_315_only_without_room315_vla_obstacles_1926139.world --partition room_315_only_1926139 --initial-loop-mode auto --no-pause-during-switch-update --neutral-visual-colors --ros-args -r __node:=conveyor_loop_mode_controller --params-file /tmp/launch_params_litjivwi'].
[INFO] [parameter_bridge-3]: process has finished cleanly [pid 1926359]
[INFO] [parameter_bridge-4]: process has finished cleanly [pid 1926360]
[INFO] [parameter_bridge-7]: process has finished cleanly [pid 1926513]
[INFO] [room_315_vla_supervisor.py-8]: process has finished cleanly [pid 1926514]
[INFO] [room_315_kinematic_shuttle_node.py-6]: process has finished cleanly [pid 1926464]
[INFO] [room_315_kinematic_shuttle_node.py-5]: process has finished cleanly [pid 1926463]
[ERROR] [gazebo-1]: process has died [pid 1926156, exit code -2, cmd 'ruby /opt/ros/jazzy/opt/gz_tools_vendor/bin/gz sim -r -s /tmp/room_315_only_without_room315_vla_obstacles_1926139.world --force-version 8'].
[INFO] [launch]: process[gazebo-1] was required: shutting down launched system
